DSS AUDIT DETAILED LOG — 2026-05-19 03:24:15
================================================================

SUMMARY: PASS=17 | CRITICAL=0 | WARNING=0 | INFO=3

WARNINGS (7):
  [Structure] No duplicate modules — All module names unique
  [Security] Error handling (100%) — 34/34 modules have On Error. Missing:  (skipped: mod_Config)
  [Data] No blank article codes — All articles have codes
  [Data] MOUVEMENTS records (62) — 62 transactions recorded
  [Data] Stock column type validation — All stock values numeric
  [Graph] No orphan modules — All modules referenced
  [Performance] Excel optimization flags — ScreenUpdating, Calculation, EnableEvents disabled during ops

ALL CHECKS:
  [PASS] [CRITICAL] Structure: Sheet count (26) — 25+ sheets present
  [PASS] [CRITICAL] Structure: Required sheets — All 10 core sheets present
  [PASS] [CRITICAL] Structure: VBA components (63) — 38+ components (29 .bas + 1 .frm + ThisWorkbook + internals)
  [PASS] [WARNING] Structure: No duplicate modules — All module names unique
  [PASS] [INFO] Structure: Code volume (12027 lines) — 9000+ lines of business logic
  [PASS] [CRITICAL] Security: Sheet protection (26/26) — All data sheets protected
  [PASS] [CRITICAL] Security: No hardcoded passwords — All passwords use mod_Config.MASTER_PWD
  [PASS] [WARNING] Security: Error handling (100%) — 34/34 modules have On Error. Missing:  (skipped: mod_Config)
  [PASS] [CRITICAL] Security: Transaction safety (ACID) — Full transaction lifecycle implemented
  [PASS] [CRITICAL] Security: Audit trail logging — Audit logging functions present
  [PASS] [CRITICAL] Data: ARTICLES records (12) — 12+ articles cataloged
  [PASS] [WARNING] Data: No blank article codes — All articles have codes
  [PASS] [WARNING] Data: MOUVEMENTS records (62) — 62 transactions recorded
  [PASS] [WARNING] Data: Stock column type validation — All stock values numeric
  [PASS] [WARNING] Graph: No orphan modules — All modules referenced
  [PASS] [CRITICAL] Graph: No circular dependencies — Clean dependency graph
  [PASS] [INFO] Graph: Module coupling — Few highly-coupled modules: 
  [PASS] [WARNING] Performance: Excel optimization flags — ScreenUpdating, Calculation, EnableEvents disabled during ops
  [PASS] [CRITICAL] Compliance: Config constants (WORKING_DAYS=250) — Config constants accessible
  [PASS] [INFO] Compliance: French headers — Column headers in French

